// Vitest Snapshot v1, https://vitest.dev/guide/snapshot.html

exports[`themeEngine 与设计稿参考实现对照 > 被修正令牌的取值（快照）；实底只调亮度，色相与设计稿一致 1`] = `
{
  "film/soft": {
    "accent": "#C97415",
    "accentHi": "#D57F26",
    "accentHover": "#C97415",
    "accentHoverHi": "#E18934",
    "accentPressed": "#B96701",
    "accentText": "#FAA962",
    "accentTint": "rgba(201,116,21,0.2)",
    "danger": "#CB3135",
    "dangerHi": "#D73F3F",
    "dangerTint": "rgba(203,49,53,0.16)",
    "onAccent": "#120F0B",
    "text2": "#B9B3AD",
    "text3": "#8E8881",
  },
  "film/standard": {
    "accent": "#C97415",
    "accentHi": "#D57F26",
    "accentHover": "#C97415",
    "accentHoverHi": "#E18934",
    "accentPressed": "#B96701",
    "accentText": "#FAA962",
    "accentTint": "rgba(201,116,21,0.2)",
    "danger": "#CB3135",
    "dangerHi": "#D73F3F",
    "dangerTint": "rgba(203,49,53,0.16)",
    "onAccent": "#120F0B",
    "text2": "#B9B3AD",
    "text3": "#918B83",
  },
  "film/strong": {
    "accent": "#C97415",
    "accentHi": "#D57F26",
    "accentHover": "#C97415",
    "accentHoverHi": "#E18934",
    "accentPressed": "#B96701",
    "accentText": "#FAA962",
    "accentTint": "rgba(201,116,21,0.2)",
    "danger": "#CB3135",
    "dangerHi": "#D73F3F",
    "dangerTint": "rgba(203,49,53,0.16)",
    "onAccent": "#120F0B",
    "text2": "#BEB9B3",
    "text3": "#9A948C",
  },
  "graphite/soft": {
    "accent": "#3266D6",
    "accentHi": "#3C71E2",
    "accentHover": "#3266D6",
    "accentHoverHi": "#467DEE",
    "accentPressed": "#2658C6",
    "accentText": "#9CBEFF",
    "accentTint": "rgba(50,102,214,0.2)",
    "danger": "#CB3135",
    "dangerHi": "#D73F3F",
    "dangerTint": "rgba(203,49,53,0.16)",
    "onAccent": "#FFFFFF",
    "text2": "#B2B4B7",
    "text3": "#87898D",
  },
  "graphite/standard": {
    "accent": "#3266D6",
    "accentHi": "#3C71E2",
    "accentHover": "#3266D6",
    "accentHoverHi": "#467DEE",
    "accentPressed": "#2658C6",
    "accentText": "#9CBEFF",
    "accentTint": "rgba(50,102,214,0.2)",
    "danger": "#CB3135",
    "dangerHi": "#D73F3F",
    "dangerTint": "rgba(203,49,53,0.16)",
    "onAccent": "#FFFFFF",
    "text2": "#B2B4B7",
    "text3": "#8A8C8F",
  },
  "graphite/strong": {
    "accent": "#3266D6",
    "accentHi": "#3C71E2",
    "accentHover": "#3266D6",
    "accentHoverHi": "#467DEE",
    "accentPressed": "#2658C6",
    "accentText": "#9CBEFF",
    "accentTint": "rgba(50,102,214,0.2)",
    "danger": "#CB3135",
    "dangerHi": "#D73F3F",
    "dangerTint": "rgba(203,49,53,0.16)",
    "onAccent": "#FFFFFF",
    "text2": "#B8BABD",
    "text3": "#929598",
  },
  "ocean/soft": {
    "accent": "#3D86E8",
    "accentHi": "#4891F4",
    "accentHover": "#3D86E8",
    "accentHoverHi": "#569CFD",
    "accentPressed": "#2E78D9",
    "accentText": "#94C0FE",
    "accentTint": "rgba(61,134,232,0.2)",
    "danger": "#CB3135",
    "dangerHi": "#D73F3F",
    "dangerTint": "rgba(203,49,53,0.16)",
    "onAccent": "#0C1014",
    "text2": "#ABB6C0",
    "text3": "#7E8B97",
  },
  "ocean/standard": {
    "accent": "#3D86E8",
    "accentHi": "#4891F4",
    "accentHover": "#3D86E8",
    "accentHoverHi": "#569CFD",
    "accentPressed": "#2E78D9",
    "accentText": "#94C0FE",
    "accentTint": "rgba(61,134,232,0.2)",
    "danger": "#CB3135",
    "dangerHi": "#D73F3F",
    "dangerTint": "rgba(203,49,53,0.16)",
    "onAccent": "#0C1014",
    "text2": "#ABB6C0",
    "text3": "#7F8D99",
  },
  "ocean/strong": {
    "accent": "#3D86E8",
    "accentHi": "#4891F4",
    "accentHover": "#3D86E8",
    "accentHoverHi": "#569CFD",
    "accentPressed": "#2E78D9",
    "accentText": "#94C0FE",
    "accentTint": "rgba(61,134,232,0.2)",
    "danger": "#CB3135",
    "dangerHi": "#D73F3F",
    "dangerTint": "rgba(203,49,53,0.16)",
    "onAccent": "#0C1014",
    "text2": "#AEB9C4",
    "text3": "#8795A1",
  },
  "paper/soft": {
    "accent": "#3266D6",
    "accentHi": "#3C71E2",
    "accentHover": "#3266D6",
    "accentHoverHi": "#467DEE",
    "accentPressed": "#2658C6",
    "accentText": "#275AC8",
    "accentTint": "rgba(50,102,214,0.12)",
    "danger": "#C92F33",
    "dangerHi": "#D53C3D",
    "dangerTint": "rgba(201,47,51,0.1)",
    "onAccent": "#FFFFFF",
    "text2": "#52555B",
    "text3": "#64676D",
  },
  "paper/standard": {
    "accent": "#3266D6",
    "accentHi": "#3C71E2",
    "accentHover": "#3266D6",
    "accentHoverHi": "#467DEE",
    "accentPressed": "#2658C6",
    "accentText": "#275AC8",
    "accentTint": "rgba(50,102,214,0.12)",
    "danger": "#C92F33",
    "dangerHi": "#D53C3D",
    "dangerTint": "rgba(201,47,51,0.1)",
    "onAccent": "#FFFFFF",
    "text2": "#52555B",
    "text3": "#61646A",
  },
  "paper/strong": {
    "accent": "#3266D6",
    "accentHi": "#3C71E2",
    "accentHover": "#3266D6",
    "accentHoverHi": "#467DEE",
    "accentPressed": "#2658C6",
    "accentText": "#2658C7",
    "accentTint": "rgba(50,102,214,0.12)",
    "danger": "#C92F33",
    "dangerHi": "#D53C3D",
    "dangerTint": "rgba(201,47,51,0.1)",
    "onAccent": "#FFFFFF",
    "text2": "#4F5358",
    "text3": "#5D6066",
  },
}
`;
