// Vitest Snapshot v1, https://vitest.dev/guide/snapshot.html

exports[`themeEngine 与设计稿参考实现对照 > 被修正令牌的取值（快照）；实底只调亮度，色相与设计稿一致 1`] = `
{
  "film/soft": {
    "accent": "#C97415",
    "accentHi": "#D57F26",
    "accentHover": "#DE8631",
    "accentHoverHi": "#E18934",
    "accentPressed": "#EF9643",
    "accentText": "#FAA962",
    "accentTint": "rgba(201,116,21,0.2)",
    "danger": "#C3292E",
    "dangerHi": "#D03739",
    "dangerTint": "rgba(203,49,53,0.16)",
    "onAccent": "#120F0B",
    "text2": "#C6C1BB",
    "text3": "#A29B94",
  },
  "film/standard": {
    "accent": "#C97415",
    "accentHi": "#D57F26",
    "accentHover": "#DE8631",
    "accentHoverHi": "#E18934",
    "accentPressed": "#EF9643",
    "accentText": "#FAA962",
    "accentTint": "rgba(201,116,21,0.2)",
    "danger": "#C3292E",
    "dangerHi": "#D03739",
    "dangerTint": "rgba(203,49,53,0.16)",
    "onAccent": "#120F0B",
    "text2": "#C9C3BD",
    "text3": "#A49E96",
  },
  "film/strong": {
    "accent": "#C97415",
    "accentHi": "#D57F26",
    "accentHover": "#DE8631",
    "accentHoverHi": "#E18934",
    "accentPressed": "#EF9643",
    "accentText": "#FAA962",
    "accentTint": "rgba(201,116,21,0.2)",
    "danger": "#C3292E",
    "dangerHi": "#D03739",
    "dangerTint": "rgba(203,49,53,0.16)",
    "onAccent": "#120F0B",
    "text2": "#CCC7C1",
    "text3": "#A8A19A",
  },
  "graphite/soft": {
    "accent": "#3266D6",
    "accentHi": "#3C71E2",
    "accentHover": "#2254C1",
    "accentHoverHi": "#3F74E5",
    "accentPressed": "#1344B1",
    "accentText": "#9CBEFF",
    "accentTint": "rgba(50,102,214,0.2)",
    "danger": "#C3292E",
    "dangerHi": "#D03739",
    "dangerTint": "rgba(203,49,53,0.16)",
    "onAccent": "#FFFFFF",
    "text2": "#B7B9BC",
    "text3": "#919497",
  },
  "graphite/standard": {
    "accent": "#3266D6",
    "accentHi": "#3C71E2",
    "accentHover": "#2254C1",
    "accentHoverHi": "#3F74E5",
    "accentPressed": "#1344B1",
    "accentText": "#9CBEFF",
    "accentTint": "rgba(50,102,214,0.2)",
    "danger": "#C3292E",
    "dangerHi": "#D03739",
    "dangerTint": "rgba(203,49,53,0.16)",
    "onAccent": "#FFFFFF",
    "text2": "#B9BBBE",
    "text3": "#939699",
  },
  "graphite/strong": {
    "accent": "#3266D6",
    "accentHi": "#3C71E2",
    "accentHover": "#2254C1",
    "accentHoverHi": "#3F74E5",
    "accentPressed": "#1344B1",
    "accentText": "#9CBEFF",
    "accentTint": "rgba(50,102,214,0.2)",
    "danger": "#C3292E",
    "dangerHi": "#D03739",
    "dangerTint": "rgba(203,49,53,0.16)",
    "onAccent": "#FFFFFF",
    "text2": "#BCBEC1",
    "text3": "#96999C",
  },
  "ocean/soft": {
    "accent": "#3D86E8",
    "accentHi": "#4891F4",
    "accentHover": "#5099FD",
    "accentHoverHi": "#569CFD",
    "accentPressed": "#6DAAFF",
    "accentText": "#94C0FE",
    "accentTint": "rgba(61,134,232,0.2)",
    "danger": "#C3292E",
    "dangerHi": "#D03739",
    "dangerTint": "rgba(203,49,53,0.16)",
    "onAccent": "#0C1014",
    "text2": "#B7C2CD",
    "text3": "#8F9DAA",
  },
  "ocean/standard": {
    "accent": "#3D86E8",
    "accentHi": "#4891F4",
    "accentHover": "#5099FD",
    "accentHoverHi": "#569CFD",
    "accentPressed": "#6DAAFF",
    "accentText": "#94C0FE",
    "accentTint": "rgba(61,134,232,0.2)",
    "danger": "#C3292E",
    "dangerHi": "#D03739",
    "dangerTint": "rgba(203,49,53,0.16)",
    "onAccent": "#0C1014",
    "text2": "#B8C4CE",
    "text3": "#919FAB",
  },
  "ocean/strong": {
    "accent": "#3D86E8",
    "accentHi": "#4891F4",
    "accentHover": "#5099FD",
    "accentHoverHi": "#569CFD",
    "accentPressed": "#6DAAFF",
    "accentText": "#94C0FE",
    "accentTint": "rgba(61,134,232,0.2)",
    "danger": "#C3292E",
    "dangerHi": "#D03739",
    "dangerTint": "rgba(203,49,53,0.16)",
    "onAccent": "#0C1014",
    "text2": "#BBC7D1",
    "text3": "#94A2AE",
  },
  "paper/soft": {
    "accent": "#3266D6",
    "accentHi": "#3C71E2",
    "accentHover": "#2254C1",
    "accentHoverHi": "#3F74E5",
    "accentPressed": "#1344B1",
    "accentText": "#1142AE",
    "accentTint": "rgba(50,102,214,0.12)",
    "danger": "#C3292E",
    "dangerHi": "#D03739",
    "dangerTint": "rgba(201,47,51,0.1)",
    "onAccent": "#FFFFFF",
    "text2": "#494D52",
    "text3": "#575A60",
  },
  "paper/standard": {
    "accent": "#3266D6",
    "accentHi": "#3C71E2",
    "accentHover": "#2254C1",
    "accentHoverHi": "#3F74E5",
    "accentPressed": "#1344B1",
    "accentText": "#1142AE",
    "accentTint": "rgba(50,102,214,0.12)",
    "danger": "#C3292E",
    "dangerHi": "#D03739",
    "dangerTint": "rgba(201,47,51,0.1)",
    "onAccent": "#FFFFFF",
    "text2": "#494D52",
    "text3": "#575A60",
  },
  "paper/strong": {
    "accent": "#3266D6",
    "accentHi": "#3C71E2",
    "accentHover": "#2254C1",
    "accentHoverHi": "#3F74E5",
    "accentPressed": "#1344B1",
    "accentText": "#1041AD",
    "accentTint": "rgba(50,102,214,0.12)",
    "danger": "#C3292E",
    "dangerHi": "#D03739",
    "dangerTint": "rgba(201,47,51,0.1)",
    "onAccent": "#FFFFFF",
    "text2": "#474B50",
    "text3": "#55585E",
  },
}
`;
